How many Fibonacci numbers do you want to generate? 0
1
1
2
3
5
8
13
21
34
