-- INTS: widths and ops --
120
-5
115
125
30000
-123
29877
30123
2000000000
-100
1999999900
2000000100
9000000000000000000
-7
8999999999999999993
9000000000000000007
-- UINTS: widths and ops --
250
5
255
245
65000
400
65400
64600
4000000000
10
4000000010
3999999990
18446744073709551610
2
18446744073709551612
18446744073709551608
-- FLOATS: 32/64/128 --
1.500000
2.250000
3.750000
-0.750000
3.375000
0.666667
3.500000
1.250000
4.750000
2.250000
4.375000
2.800000
1.234568
0.333333
1.567901
0.901235
0.411523
3.703704
-- BOOLS & STRINGS --
true
false
true
false
true
fi
rescript
firescript
-- ARRAYS: fixed-size --
3
1
2
3
3
c
-- REL/COMP: same-type only --
true
true
true
true
true
true
-- MODULO: integers only --
1
3
