Integer arithmetic
15
5
50
2
1
Floating point arithmetic
15.500000
Double precision arithmetic
15.500000
Boolean and comparisons
true
false
true
true
false
String concatenation
Hello, world!
Array of integers
4
1
3
Array of strings
3
script
